// Jest Snapshot v1, https://goo.gl/fbAQLP

exports[`CryptoList component render Test render of Cryptolist component 1`] = `
<div>
  <p>
    Loading...
  </p>
</div>
`;
